apiVersion: networking.istio.io/v1alpha3
kind: Gateway
metadata:
  annotations:
    internal.istio.io/gateway-service: istio-ingressgateway.istio-system.svc.domain.suffix
    internal.istio.io/parent: Gateway/gateway/default.istio-system
  creationTimestamp: null
  name: gateway-istio-autogenerated-k8s-gateway-default
  namespace: istio-system
spec:
  servers:
  - hosts:
    - '*/*.domain.example'
    port:
      name: default
      number: 80
      protocol: HTTP
---
apiVersion: networking.istio.io/v1alpha3
kind: VirtualService
metadata:
  annotations:
    internal.istio.io/parent: HTTPRoute/http.default
  creationTimestamp: null
  name: http-istio-autogenerated-k8s-gateway
  namespace: default
spec:
  gateways:
  - istio-system/gateway-istio-autogenerated-k8s-gateway-default
  hosts:
  - first.domain.example
  - another.domain.example
  http:
  - match:
    - uri:
        prefix: "/"
    route:
    - destination:
        host: httpbin.default.svc.domain.suffix
        port:
          number: 80
